Token {tokenKind = Id, lexeme = "x", position = 0}
Token {tokenKind = Assign, lexeme = ":=", position = 2}
Token {tokenKind = IntLit, lexeme = "42", position = 5}
